[backblue.gif]
[fade.gif]
[index.html]
[www.ahthisone.ga/media/Osho_library.jpg]
[i.ibb.co/crw7M5W/THE-LAST-AURGUMENT.png]
[i.ibb.co/611m65j/This-this-makes-me-feel-like-sometime-that-may-be-i-am-the-one-of-the-HOPE-OF-THE-WHOLE-HUMANITY.png]
[www.ahthisone.ga/index.html]
[www.ahthisone.ga/css/style.css]
[www.ahthisone.ga/index4658.html]
[www.ahthisone.ga/index-2.html]
[www.ahthisone.ga/readd03e.html]
[www.ahthisone.ga/readaa07.html]
[www.ahthisone.ga/reada771.html]
[www.ahthisone.ga/readd248.html]
[i.ibb.co/rb3SPz5/Screenshot-1178.png]
[www.ahthisone.ga/read35d9.html]
[www.ahthisone.ga/read2a93.html]
[i.ibb.co/zsKg1yd/being-Indifferent-aloof.png]
[i.ibb.co/D8jNKPd/Being-a-Reble-onto-one-own-fake-self.png]
[i.ibb.co/mbFH9Tx/Crowd-minded.png]
[i.ibb.co/Gn2xQn7/Dr-Manmohan-Singh.png]
[i.ibb.co/SnyNVhR/Dead-Phycoanalysis.png]
[i.ibb.co/JrmmSKv/Great-work-tooks-place-in-tremondous-silence.png]
[i.ibb.co/jJwdLRH/Has-To-happen.png]
[i.ibb.co/k1HdPHs/Importal.png]
[i.ibb.co/Qdm1YBM/KPPA-story.png]
[i.ibb.co/v3qnnYQ/LIfe-amp-it-039-s-ethernity-Proves.png]
[www.ahthisone.ga/reada8ee.html]
[i.ibb.co/7vw2m0Q/Screenshot-932.png]
[i.ibb.co/0mKYsQF/Screenshot-931.png]
[i.ibb.co/sR2CNvF/Screenshot-933.png]
[i.ibb.co/1G9Hkcp/Screenshot-934.png]
[i.ibb.co/wJwbTwL/Screenshot-935.png]
[i.ibb.co/54vKdnR/Screenshot-936.png]
[i.ibb.co/Yjy8hJX/Screenshot-937.png]
[i.ibb.co/QF02bfp/Screenshot-938.png]
[i.ibb.co/MkqDXLc/Screenshot-939.png]
[i.ibb.co/NxdfGmq/Screenshot-940.png]
[www.ahthisone.ga/read09cd.html]
[i.ibb.co/G3Hwx2g/Hahah-this-have-happned-with-me-peoples-like-Zeeshan-khan-sir-and-all-have-noticed-somting-perhaps-i-don-039-t-bother-them-sayinf-any-truth-that-may-hurt-them-too.png]
[i.ibb.co/8NJJ2YY/Bhart-me-insan-ki-phechan-uski-manan-ki-chamta-se-hoti-hai.png]
[i.ibb.co/Z10TQrc/HAHAHA-I-have-been-aware-of-this-condition-why-peoples-in-stage-gets-such.png]
[i.ibb.co/qNQBCPq/Hindi-language-have-been-developed-by-really-insighfull-peoples.png]
[i.ibb.co/dtsWCzN/Hmm-true-hitmat-badd-jaati-hai-jab-sadguru-bhi-wahi-khata-hai-jo-pata-hi-thaa.png]
[i.ibb.co/hYb38rq/A-world-free-from-Unconciousness-amp-Goverment.png]
[i.ibb.co/S5fxN1f/madness-is-needed-not-being-mad-but-really-insasne.png]
[i.ibb.co/MRsqdCK/meaing-of-swast-in-Bhart-health-to-be-centered-at-self.png]
[i.ibb.co/7YkzCd4/Nations-law-and-rest-are-not-good-indications.png]
[www.ahthisone.ga/readb677.html]
[i.ibb.co/60Jwqmb/vlcsnap-2019-03-03-01h43m54s114.png]
[i.ibb.co/pX5Y2dq/vlcsnap-2019-03-03-01h43m52s755.png]
[i.ibb.co/ky3MH0f/vlcsnap-2019-03-03-01h43m56s217.png]
[i.ibb.co/NTXsNXX/vlcsnap-2019-03-03-01h44m11s755.png]
[i.ibb.co/y58VvbC/vlcsnap-2019-03-03-01h44m15s256.png]
[i.ibb.co/QjnCgk9/vlcsnap-2019-03-03-01h44m30s601.png]
[i.ibb.co/tmCkrRp/vlcsnap-2019-03-03-01h44m31s970.png]
[i.ibb.co/p1tQdfX/vlcsnap-2019-03-03-01h44m40s353.png]
[i.ibb.co/r2YMCqL/vlcsnap-2019-03-03-01h45m06s028.png]
[www.ahthisone.ga/read6977.html]
[i.ibb.co/47MVjWh/Screenshot-962.png]
[i.ibb.co/DWLMk12/Screenshot-961.png]
[i.ibb.co/rF1NLjg/Screenshot-963.png]
[i.ibb.co/p389vqm/Screenshot-964.png]
[i.ibb.co/K2M0wzj/Screenshot-965.png]
[i.ibb.co/6YwNhL1/Screenshot-966.png]
[i.ibb.co/L8zQ7b8/Screenshot-967.png]
[i.ibb.co/TM482vt/Screenshot-968.png]
[i.ibb.co/SvQ7DjT/Screenshot-969.png]
[i.ibb.co/4mWqhMg/Screenshot-970.png]
[www.ahthisone.ga/read7879.html]
[www.ahthisone.ga/read3837.html]
[www.ahthisone.ga/read9a33.html]
[www.ahthisone.ga/read25f6.html]
[www.ahthisone.ga/index2679.html]
[www.ahthisone.ga/index9ba9.html]
[www.ahthisone.ga/read1e56.html]
[www.ahthisone.ga/read66fa.html]
[www.ahthisone.ga/read4255.html]
[www.ahthisone.ga/read641f.html]
[www.ahthisone.ga/read73a2.html]
[i.ibb.co/0nGJFS7/Love-India.png]
[i.ibb.co/ypZd51Y/Need-of-a-longging-to-change.png]
[i.ibb.co/Dpz1vF7/New-man-in-this-orld-yet-not-of-it.png]
[i.ibb.co/z5dWGv3/OSHO-Dr-M.png]
[i.ibb.co/XpkspdV/osho-the-rising-moon.png]
[i.ibb.co/wgtqZ1J/Responsibility-Philicyphy.png]
[i.ibb.co/RgtBVyX/revolution-by-changing-one-self.png]
[i.ibb.co/gRgG6qK/Screenshot-from-2018-12-14-11-55-21.png]
[i.ibb.co/4T0sMrz/Screenshot-from-2018-12-14-20-54-40.png]
[i.ibb.co/cTVWDBg/Screenshot-from-2018-12-15-22-56-41.png]
[www.ahthisone.ga/read1051.html]
[i.ibb.co/vwygdp1/Screenshot-941.png]
[i.ibb.co/0tZCJDx/Screenshot-942.png]
[i.ibb.co/tB1g7WR/Screenshot-943.png]
[i.ibb.co/X8jQZVP/Screenshot-944.png]
[i.ibb.co/mytBftF/Screenshot-945.png]
[i.ibb.co/Kjh2Qm2/Screenshot-946.png]
[i.ibb.co/Dr7XrGn/Screenshot-948.png]
[i.ibb.co/YBg2sSx/Screenshot-947.png]
[i.ibb.co/3rJ2zq6/Screenshot-949.png]
[i.ibb.co/0Jb9p06/Screenshot-950.png]
[www.ahthisone.ga/read4fee.html]
[i.ibb.co/M1QQhp7/Never-be-satisfied-with-what-amp-how-it-is-have-some-more-longgings-too.png]
[i.ibb.co/L884Hy5/Language-have-some-great-barriers-so-please-haa-may-be-what-kind-of-tranformation-osho-have-given-to-me-may-not-be-possible-for-them.png]
[i.ibb.co/Yj8xgv7/No-mind-is-the-real-thing-one-should-atten-to-it-nothing-is-everthing.png]
[i.ibb.co/yRVWBm2/No-one-can-really-shine-like-the-stars-of-Indian-no-one-can-compete-with-them-in-this-world.png]
[i.ibb.co/Pzmbypy/Now-I-am-not-going-to-do-anything-what-so-ever-will-happen-will-happen-has-to-happen-will-happen-is-more-then-enough-to-make-it-happen.png]
[i.ibb.co/RCvP9vq/One-have-been-seeking-for-one-ultimate-possibilites.png]
[i.ibb.co/PZmVr9w/OSHO-ACCEPTS-HE-HAVE-LIED-MOST-OF-THE-TIME.png]
[i.ibb.co/8drgP3S/osho-ke-man-me-jo-ata-wo-wahi-bolta-as-mere-man-me-jo-ata-mai-wahi-bolta-to-wrong-number-LOL.png]
[i.ibb.co/L9tBFrD/peoples-free-from-there-unconciousness.png]
[i.ibb.co/pyjyv0X/The-gaps-of-silence-on-osho-talks.png]
[www.ahthisone.ga/readb9de.html]
[i.ibb.co/kJbtSZX/vlcsnap-2019-03-03-01h45m08s695.png]
[i.ibb.co/drx8rSm/vlcsnap-2019-03-03-01h45m36s056.png]
[i.ibb.co/gJ3PpTs/vlcsnap-2019-03-03-01h45m44s129.png]
[i.ibb.co/5YhVDzV/vlcsnap-2019-03-03-01h47m39s462.png]
[i.ibb.co/hW0qCZn/vlcsnap-2019-03-03-01h47m41s548.png]
[i.ibb.co/q0hrKBn/vlcsnap-2019-03-03-01h47m56s055.png]
[i.ibb.co/PMwKPww/vlcsnap-2019-03-03-01h47m57s883.png]
[i.ibb.co/GJpSLGf/vlcsnap-2019-03-03-01h48m02s288.png]
[i.ibb.co/3pMjtPv/vlcsnap-2019-03-03-01h48m04s327.png]
[i.ibb.co/mbKwzcH/vlcsnap-2019-03-03-01h48m54s025.png]
[www.ahthisone.ga/read5ec8.html]
[i.ibb.co/7b8VyyK/Screenshot-971.png]
[i.ibb.co/Kq8NqTW/Screenshot-984.png]
[i.ibb.co/GpswCVF/Screenshot-985.png]
[i.ibb.co/rvXx8wJ/Screenshot-986.png]
[i.ibb.co/pfC1wQk/Screenshot-987.png]
[i.ibb.co/n8b5NnR/Screenshot-988.png]
[i.ibb.co/4pY2WSF/Screenshot-989.png]
[i.ibb.co/tLYRGvL/Screenshot-990.png]
[i.ibb.co/5xyQwtz/Screenshot-991.png]
[i.ibb.co/cXMJ1wx/Screenshot-993.png]
[www.ahthisone.ga/read7adc.html]
[www.ahthisone.ga/readf62b.html]
[www.ahthisone.ga/read3997.html]
[www.ahthisone.ga/readab40.html]
[www.ahthisone.ga/reada704.html]
[www.ahthisone.ga/read91ed.html]
[i.ibb.co/hKcQrm0/Screenshot-from-2018-12-15-22-59-03.png]
[i.ibb.co/dDync0V/Screenshot-from-2018-12-20-20-30-07.png]
[i.ibb.co/QPSV2Ws/Screenshot-from-2018-12-23-22-31-32.png]
[i.ibb.co/j3L8TQB/Screenshot-from-2018-12-23-22-31-39.png]
[i.ibb.co/MGqfb2F/Screenshot-from-2018-12-24-11-15-04.png]
[i.ibb.co/cx6TLWh/SMR-BLOG-CRAZY-LIFE.png]
[i.ibb.co/C881Zjm/Slim-amp-week-body-osho.png]
[i.ibb.co/LQjFSPd/The-new-man-is-coming.png]
[i.ibb.co/MC10qWg/The-Rebel-ch31.png]
[i.ibb.co/d6WNwQ7/THE-REAL-THING-IS-ABOUT-TO-BEGINE.png]
[www.ahthisone.ga/read33aa.html]
[www.ahthisone.ga/readca32.html]
[i.ibb.co/SQw4HzD/Screenshot-951.png]
[i.ibb.co/k9cPv2c/Screenshot-952.png]
[i.ibb.co/n0SkcsZ/Screenshot-955.png]
[www.ahthisone.ga/readfcd9.html]
[www.ahthisone.ga/read70f8.html]
[i.ibb.co/L6v4dXS/this-is-what-i-feel-about-my-parents-they-fear-meditation-amp-all-rest-kind-of-bullshit-is-in-his-head.png]
[i.ibb.co/Mg9Mq06/To-go-one-agaist-the-life-flow-is-almost-impossible.png]
[i.ibb.co/SdFN9JW/Untill-and-unless-existence-allows-till-that-time-only.png]
[i.ibb.co/877NNZv/Yo-change-in-the-conciouness-state-or-kind-of-understanding-they-have-in-life-of-life-can-lead-to-a-ultimate-change-in-this-world.png]
[i.ibb.co/6P9Dsjj/Yo-sometime-i-think-i-am-that-land-which-can-make-the-osho-seed-flower.png]
[i.ibb.co/9WS4m7B/Screenshot-912.png]
[i.ibb.co/D4ks7Vn/Screenshot-911.png]
[i.ibb.co/tzq1ZKR/Screenshot-910.png]
[i.ibb.co/7NMS5c9/Screenshot-909.png]
[i.ibb.co/6wxjCwg/Screenshot-908.png]
[www.ahthisone.ga/read7780.html]
[www.ahthisone.ga/readf8ed.html]
[i.ibb.co/q0W3yLd/vlcsnap-2019-03-03-01h49m05s711.png]
[i.ibb.co/9Hwx7gR/vlcsnap-2019-03-03-01h49m08s663.png]
[i.ibb.co/TbSNctX/vlcsnap-2019-03-03-01h49m11s994.png]
[i.ibb.co/C62VxGn/vlcsnap-2019-03-03-01h48m00s991.png]
[i.ibb.co/nMTmmNQ/vlcsnap-2019-03-03-01h49m34s792.png]
[i.ibb.co/gVDvksX/vlcsnap-2019-03-03-01h49m46s528.png]
[i.ibb.co/dDWB25Z/vlcsnap-2019-04-06-20h20m44s868.png]
[i.ibb.co/qp9n2wK/vlcsnap-2019-04-06-20h20m57s900.png]
[i.ibb.co/qR2vX1D/vlcsnap-2019-04-06-20h21m04s406.png]
[i.ibb.co/yPHyFrJ/vlcsnap-2019-04-06-20h21m07s367.png]
[www.ahthisone.ga/readbbd9.html]
[www.ahthisone.ga/read8f8f.html]
[i.ibb.co/cLrcrNY/Screenshot-999.png]
[i.ibb.co/sV8Lxhg/Screenshot-1000.png]
[i.ibb.co/M2CfSRt/Screenshot-1001.png]
[i.ibb.co/XyVSzmB/Screenshot-1003.png]
[i.ibb.co/94GRtQs/Screenshot-1004.png]
[i.ibb.co/tPgmcKk/Screenshot-1005.png]
[i.ibb.co/qrxbTyn/Screenshot-1006.png]
[i.ibb.co/2KybRv0/Screenshot-1007.png]
[i.ibb.co/swCbKHW/Screenshot-1008.png]
[i.ibb.co/xHtR2qg/Screenshot-1009.png]
[www.ahthisone.ga/readace2.html]
[www.ahthisone.ga/read2074.html]
[i.ibb.co/qN54Cf6/Unconciouss-messege.png]
[i.ibb.co/DrHGMZ0/venom.png]
[i.ibb.co/G53bJNt/Vision-Changes-the-real-tranformation-Dogen-The-Great-Zen-master.png]
[i.ibb.co/Xj0VFbj/Whats-App-Image-2018-12-13-at-12-14-32-AM.jpg]
[i.ibb.co/7JzMdkx/Whats-App-Image-2019-03-18-at-11-26-50-PM.jpg]
[i.ibb.co/Lkbj9kd/Whats-App-Image-2019-03-18-at-11-30-04-PM.jpg]
[i.ibb.co/txGjGQB/Whats-App-Image-2019-03-18-at-11-30-32-PM.jpg]
[i.ibb.co/gV9dcGC/Whats-App-Image-2019-03-18-at-11-32-33-PM.jpg]
[i.ibb.co/R0js11v/Whats-App-Image-2019-03-18-at-11-35-19-PM.jpg]
[i.ibb.co/GtQzKY1/Whats-App-Image-2019-03-18-at-11-43-58-PM.jpg]
[www.ahthisone.ga/readebc1.html]
[www.ahthisone.ga/read5dcc.html]
[i.ibb.co/XScyDxW/humanity-always-have-been-haunted-by-the-unconciousness-all-are-just-syntums.html]
[i.ibb.co/dk6zwrH/Screenshot-907.png]
[i.ibb.co/56tVp2g/Screenshot-913.png]
[i.ibb.co/92QkcZ5/Screenshot-906.png]
[i.ibb.co/2jdmMLM/Screenshot-905.png]
[i.ibb.co/WznjhvZ/Screenshot-904.png]
[i.ibb.co/JysxppC/Screenshot-903.png]
[i.ibb.co/ydKn3SP/THE-SUN-SHINE.png]
[i.ibb.co/xMP2jpC/Only-those-who-are-capable-to-kill-himself-are-deserving-to-be-discpiles.png]
[i.ibb.co/hRhMYzt/world-is-full-of-fraud-now-don-039-t-know-what-will-happen-after-the-authentic-one-comes.png]
[i.ibb.co/mRzXBZH/Thanks-for-this-osho.png]
[www.ahthisone.ga/readb3b6.html]
[i.ibb.co/yYQsrPr/vlcsnap-2019-04-06-20h21m26s769.png]
[i.ibb.co/z6ThZXb/vlcsnap-2019-04-06-20h21m43s272.png]
[i.ibb.co/0y2CR0d/vlcsnap-2019-04-07-01h10m14s930.png]
[i.ibb.co/Lnw2ZKg/vlcsnap-2019-04-07-14h28m44s585.png]
[i.ibb.co/rQ3LvcX/Screenshot-4.png]
[i.ibb.co/RQR0Qjn/Screenshot-5.png]
[i.ibb.co/nbr3Lpw/Screenshot-6.png]
[i.ibb.co/YZHkvVc/Screenshot-8.png]
[i.ibb.co/cNG6mt7/Screenshot-9.png]
[i.ibb.co/Gc0VX04/Screenshot-10.png]
[www.ahthisone.ga/read9f2b.html]
[i.ibb.co/hs5fRQ2/Screenshot-1010.png]
[i.ibb.co/5x1ppc5/Screenshot-1011.png]
[i.ibb.co/F6Kh35g/Screenshot-1012.png]
[i.ibb.co/RBPX2YC/Screenshot-1013.png]
[i.ibb.co/kJqcq76/Screenshot-1014.png]
[i.ibb.co/DW0dQ5d/Screenshot-1015.png]
[i.ibb.co/41VYdpR/Screenshot-1016.png]
[i.ibb.co/X7qwk9x/Screenshot-1017.png]
[i.ibb.co/rbVWmbw/Screenshot-1018.png]
[i.ibb.co/HKx6sMm/Screenshot-1020.png]
[www.ahthisone.ga/read56f4.html]
[i.ibb.co/9q9jwfs/Whats-App-Image-2019-11-04-at-10-21-32-PM.jpg]
[www.ahthisone.ga/read4ce5.html]
[i.ibb.co/3Ms8Lz3/Whats-App-Image-2019-03-18-at-11-40-35-PM.jpg]
[i.ibb.co/L6svDxM/Whats-App-Image-2019-03-18-at-11-48-07-PM.jpg]
[i.ibb.co/S0gjCTw/you-will-be-you-no-matter-what-you-do.png]
[i.ibb.co/vqkBmny/Zen-Manifesto-Ch01.png]
[i.ibb.co/nwL4pjT/Zen-the-Path-of-Paradox-OSHO.png]
[i.ibb.co/jbwGYyv/being-Indifferent-aloof.png]
[i.ibb.co/Q6ckw8P/Ah-this-have-happned-with-me-some-what-some-how-like-this.png]
[i.ibb.co/WDsCSzS/exactly-this-was-my-vision.png]
[i.ibb.co/dp7mg1x/Importal.png]
[i.ibb.co/qyXgkn4/Indiviuality-light.png]
[www.ahthisone.ga/read1e12.html]
[i.ibb.co/bbMD52P/Meditation-the-only-cool-fire.png]
[i.ibb.co/cT0gCgs/ZEN-the-only-authentic-religion.png]
[i.ibb.co/JQ37FZ8/The-new-humanity-yeah-the-days-are-comming.png]
[i.ibb.co/Vmt36Ry/Should-be-possible-should-be-a-possibility.png]
[i.ibb.co/rMSpn7r/DUMB-PEOPLES.png]
[i.ibb.co/sw251yK/Wo-admi-hi-kiya-Jo-Zindgi-ko-chunotyaa-hi-na-bana-lee-one-who-can-giveup-everthing-to-reach-the-peak-of-human-conciousness.png]
[i.ibb.co/D1zgF6T/Screenshot-915.png]
[i.ibb.co/wccWM8J/Only-those-who-are-capable-to-kill-himself-are-deserving-to-be-discpiles.png]
[www.ahthisone.ga/read2466.html]
[i.ibb.co/9tcrgMk/Screenshot-11.png]
[i.ibb.co/vQ7ws90/Screenshot-12.png]
[i.ibb.co/vVsWnYf/Screenshot-13.png]
[i.ibb.co/6vTDZRy/Screenshot-14.png]
[i.ibb.co/1n8FqX7/Screenshot-15.png]
[i.ibb.co/Tk16sCw/Screenshot-16.png]
[i.ibb.co/MspsWpj/Screenshot-17.png]
[i.ibb.co/ww07Yt4/Screenshot-20.png]
[i.ibb.co/f0WkW1t/Screenshot-22.png]
[i.ibb.co/G9Y6LTs/Screenshot-21.png]
[www.ahthisone.ga/readcc4c.html]
[i.ibb.co/pfKg8r3/Screenshot-1021.png]
[i.ibb.co/zmPCtdp/Screenshot-1022.png]
[i.ibb.co/ZdZ5f1n/Screenshot-1023.png]
[i.ibb.co/b6c2Qg9/Screenshot-1024.png]
[i.ibb.co/9b7xzbD/Screenshot-1025.png]
[i.ibb.co/DDxyyfL/Screenshot-1019.png]
[i.ibb.co/Lk9hzxj/Screenshot-1027.png]
[i.ibb.co/4m1H5PQ/Screenshot-1028.png]
[i.ibb.co/44d3TwB/Screenshot-1029.png]
[www.ahthisone.ga/read6b4e.html]
[www.ahthisone.ga/read11cd.html]
[i.ibb.co/tcvSNLm/KPPA-story.png]
[i.ibb.co/k0WXSbf/lol-he-knows-me-a-lot-so-here-it-is-so-so-with-me.png]
[i.ibb.co/Kbd5yr0/Man-of-awareness-rises-in-Love.png]
[i.ibb.co/VSsRDYf/Need-of-a-longging-to-change.png]
[i.ibb.co/WP92zQ5/Only-he-knows-of-what-he-is.png]
[i.ibb.co/HtSYfZR/revolution-by-changing-one-self.png]
[i.ibb.co/2M4FpCZ/rich-poor-guy.png]
[i.ibb.co/Mc7TCPy/self-centred.png]
[i.ibb.co/v1Js1BZ/Slim-amp-week-body-osho.png]
[i.ibb.co/MPGJgz3/the-perfect-master-vol-2-flow-ith-the-river-please.png]
[www.ahthisone.ga/reada7a3.html]
[i.ibb.co/nftt2bt/The-last-mystery-of-the-world.html]
[i.ibb.co/QkcBtgx/oh-yeah-i-loved-it-it-made-me-feel-like-i-belongs-to-harry-potter-cat.png]
[i.ibb.co/4FJJWgb/THE-SUN-SHINE.png]
[i.ibb.co/D1pJdyY/world-is-full-of-fraud-now-don-039-t-know-what-will-happen-after-the-authentic-one-comes.png]
[i.ibb.co/Yfm5ySN/Thanks-for-this-osho.png]
[i.ibb.co/80SmfXK/Meditation-the-only-cool-fire.png]
[i.ibb.co/vP4YynV/ZEN-the-only-authentic-religion.png]
[i.ibb.co/0jndGN2/The-new-humanity-yeah-the-days-are-comming.png]
[i.ibb.co/qW7Lj96/Should-be-possible-should-be-a-possibility.png]
[i.ibb.co/xf2LbCj/The-last-mystery-of-the-world.png]
[i.ibb.co/QrjPRd3/DUMB-PEOPLES.png]
[www.ahthisone.ga/read2191.html]
[i.ibb.co/FYY1v6d/Screenshot-23.png]
[i.ibb.co/JCv2YD0/Screenshot-24.png]
[i.ibb.co/2hb7nf5/Screenshot-25.png]
[i.ibb.co/KVY30rn/Screenshot-27.png]
[i.ibb.co/nCRfmtz/Screenshot-29.png]
[i.ibb.co/tJ04pw4/Screenshot-31.png]
[i.ibb.co/93PhLw1/Screenshot-32.png]
[i.ibb.co/WP2829R/Screenshot-36.png]
[i.ibb.co/VLKXcRb/Screenshot-37.png]
[i.ibb.co/jrMMFy8/Screenshot-38.png]
[www.ahthisone.ga/readf3de.html]
[i.ibb.co/vPynr9X/Screenshot-1030.png]
[www.ahthisone.ga/read9342.html]
[i.ibb.co/T4vSg8V/Screenshot-1026.html]
[i.ibb.co/gdT2NTQ/Yeah-eaxactly-this-one-should-be-rooted-otherwise-its-creates-suffrering-simply-unneccassary.png]
[i.ibb.co/bFwTDzh/yeah-the-God-is-dead.png]
[i.ibb.co/3yj4p9J/you-will-be-you-no-matter-what-you-do.png]
[i.ibb.co/w0PHJHt/Zen-the-right-approch-towards-existance.png]
[i.ibb.co/JpyZpyX/Action-to-unaction-but-action-to-attain-unaction.png]
[i.ibb.co/GJzhLQ2/you-will-be-you-no-matter-what-you-do-so-change-the-things-which-are-in-your-hand-that-039-s-the-true-thing.png]
[i.ibb.co/TMXgCQ4/osho-have-said-so-that-he-is-bound-to-come-he-is-going-to-come-so-here-it-is-he-will-come-I-will-be-waiting-for-him.png]
[i.ibb.co/ZmShG0N/yeah-this-is-it-someday-i-feel-so-i-can-change-the-whol-world-well-leave-i-am-not-that-special-but-whom-so-ever-he-will-be-he-will-be-of-great-value-for-humanity.png]
[i.ibb.co/Kx4P2m5/Finally-things-of-life-things-of-life-LOST-were-found-again-Back.png]
[i.ibb.co/tHqByvr/Yo-this-have-happned-with-me-I-have-came-across-a-lot-of-gurus-YES-PLUS-gurudev-LOL-a-lot-of-peoples.png]
[www.ahthisone.ga/read0ce9.html]
[i.ibb.co/cXMrVRN/Wo-admi-hi-kiya-Jo-Zindgi-ko-chunotyaa-hi-na-bana-lee-one-who-can-giveup-everthing-to-reach-the-peak-of-human-conciousness.png]
[i.ibb.co/7yv043N/Screenshot-915.png]
[i.ibb.co/bvrYR51/Language-have-some-great-barriers-so-please-haa-may-be-what-kind-of-tranformation-osho-have-given-to-me-may-not-be-possible-for-them.png]
[i.ibb.co/k8xQ6XS/Untill-and-unless-existence-allows-till-that-time-only.png]
[i.ibb.co/kh91gBC/this-is-what-i-feel-about-my-parents-they-fear-meditation-amp-all-rest-kind-of-bullshit-is-in-his-head.png]
[i.ibb.co/8K4yRrT/Hahah-this-have-happned-with-me-peoples-like-Zeeshan-khan-sir-and-all-have-noticed-somting-perhaps-i-don-039-t-bother-them-sayinf-any-truth-that-may-hurt-them-too.png]
[i.ibb.co/D5wp2rj/Hmm-true-hitmat-badd-jaati-hai-jab-sadguru-bhi-wahi-khata-hai-jo-pata-hi-thaa.png]
[i.ibb.co/6bFzVyH/Never-be-satisfied-with-what-amp-how-it-is-have-some-more-longgings-too.png]
[i.ibb.co/y0qrH13/HAHAHA-I-have-been-aware-of-this-condition-why-peoples-in-stage-gets-such.png]
[i.ibb.co/Yy2YqDr/The-gaps-of-silence-on-osho-talks.png]
[www.ahthisone.ga/read3389.html]
[i.ibb.co/dPbDfC1/Screenshot-39.png]
[i.ibb.co/D7DbwtW/Screenshot-40.png]
[i.ibb.co/wSfLWXV/Screenshot-41.png]
[i.ibb.co/NjXkJ7S/Screenshot-42.png]
[i.ibb.co/vcmzmMS/Screenshot-43.png]
[i.ibb.co/z6W9F2q/Screenshot-44.png]
[i.ibb.co/y4xf218/Screenshot-45.png]
[i.ibb.co/4fL2YL7/Screenshot-47.png]
[i.ibb.co/KbqL68y/Screenshot-48.png]
[i.ibb.co/zScCqH4/Screenshot-49.png]
[www.ahthisone.ga/readaf19.html]
[www.ahthisone.ga/read0b4e.html]
[i.ibb.co/cNKwbkb/Now-this-divide-the-whole-humanity-into-two-parts.png]
[i.ibb.co/6J3czCC/Beyond-knowledge-Uthopia-a-possibility.png]
[i.ibb.co/hsxg0mT/Trying-to-make-the-Immpossible-possible.png]
[i.ibb.co/kX7DQKx/I-am-possible-baby-just-try-a-littel-hard.png]
[i.ibb.co/6n1mj6s/Baa-S-thodi-se-Himat-aur-do-char-kadam-aur.png]
[i.ibb.co/bdx06Y7/Nothingnees-the-door-to-all-knowledge-for-humanity.png]
[i.ibb.co/pbnWDKR/Screenshot-704.png]
[i.ibb.co/XXZq5KZ/Screenshot-703.png]
[i.ibb.co/XWZKnjq/Midocars-simply-stupid-peoples.png]
[i.ibb.co/KrXP0cs/Uniqueness.png]
[www.ahthisone.ga/read7c2f.html]
[i.ibb.co/C2mf3P5/osho-ke-man-me-jo-ata-wo-wahi-bolta-as-mere-man-me-jo-ata-mai-wahi-bolta-to-wrong-number-LOL.png]
[i.ibb.co/41yFMrh/OSHO-ACCEPTS-HE-HAVE-LIED-MOST-OF-THE-TIME.png]
[i.ibb.co/djR4Hhb/To-go-one-agaist-the-life-flow-is-almost-impossible.png]
[i.ibb.co/F6cHf9w/No-mind-is-the-real-thing-one-should-atten-to-it-nothing-is-everthing.png]
[i.ibb.co/jw7PBrs/Now-I-am-not-going-to-do-anything-what-so-ever-will-happen-will-happen-has-to-happen-will-happen-is-more-then-enough-to-make-it-happen.png]
[i.ibb.co/gwybFWX/peoples-free-from-there-unconciousness.png]
[i.ibb.co/sFZZDhq/A-world-free-from-Unconciousness-amp-Goverment.png]
[i.ibb.co/6Yh4xXg/Yo-sometime-i-think-i-am-that-land-which-can-make-the-osho-seed-flower.png]
[i.ibb.co/c1T2Pk6/Yo-change-in-the-conciouness-state-or-kind-of-understanding-they-have-in-life-of-life-can-lead-to-a-ultimate-change-in-this-world.png]
[i.ibb.co/pd2mFx2/One-have-been-seeking-for-one-ultimate-possibilites.png]
[www.ahthisone.ga/read14dc.html]
[i.ibb.co/105kSf2/Screenshot-50.png]
[i.ibb.co/SJZcm5Y/Screenshot-51.png]
[i.ibb.co/GRrmRxg/Screenshot-52.png]
[i.ibb.co/yVc6pBx/Screenshot-46.png]
[i.ibb.co/kqsMmpF/Screenshot-54.png]
[i.ibb.co/BBvNbpc/Screenshot-56.png]
[i.ibb.co/1m3pxVN/Screenshot-55.png]
[i.ibb.co/XsgfVyh/Screenshot-57.png]
[i.ibb.co/2S9ryFc/Screenshot-58.png]
[i.ibb.co/tDB4GcG/Screenshot-59.png]
[www.ahthisone.ga/readb260.html]
[i.ibb.co/qnGD1MB/Screenshot-697.png]
[i.ibb.co/fqs5yZ7/Screenshot-696.png]
[i.ibb.co/3rpvypL/Screenshot-712.png]
[i.ibb.co/CV4xj0K/Screenshot-713.png]
[i.ibb.co/XCR2VQf/Screenshot-711.png]
[i.ibb.co/DLJNs5F/Colorfullness-of-tension.png]
[i.ibb.co/F0ZnwH2/True-Education.png]
[i.ibb.co/rH5YmN9/thing-which-may-happens-through-me.png]
[i.ibb.co/mCd7GZW/Yo-this-seems-so-true-amp-peoples-will-know-it-soon.png]
[i.ibb.co/CH2h1FC/top-hills-to-low-down-in-the-gutters-yes-i-am-not-so-poor-mystic-the-music.png]
[www.ahthisone.ga/readdd44.html]
[i.ibb.co/LgXs4J8/No-one-can-really-shine-like-the-stars-of-Indian-no-one-can-compete-with-them-in-this-world.png]
[i.ibb.co/gWRPN6n/madness-is-needed-not-being-mad-but-really-insasne.png]
[i.ibb.co/tc5cWqP/Bhart-me-insan-ki-phechan-uski-manan-ki-chamta-se-hoti-hai.png]
[i.ibb.co/TH44G16/Nations-law-and-rest-are-not-good-indications.png]
[i.ibb.co/Tgxp49V/Reaching-the-peak-of-one-self-conciouness-amp-freedom-from-this-nakabiyaat-apang-logo-ki-dunyaa.png]
[i.ibb.co/VxQh9WG/Hindi-language-have-been-developed-by-really-insighfull-peoples.png]
[i.ibb.co/R0nBjY9/meaing-of-swast-in-Bhart-health-to-be-centered-at-self.png]
[i.ibb.co/BL9LwTL/humanity-always-have-been-haunted-by-the-unconciousness-all-are-just-syntums.png]
[www.ahthisone.ga/reada01a.html]
[i.ibb.co/Vwtz562/Screenshot-61.png]
[i.ibb.co/q5XT4jr/Screenshot-62.png]
[i.ibb.co/r0Z54BD/Screenshot-63.png]
[i.ibb.co/bvjfQ7S/Screenshot-64.png]
[i.ibb.co/grVGwT8/Screenshot-65.png]
[i.ibb.co/dfd6L7P/Screenshot-66.png]
[i.ibb.co/strVHFC/Screenshot-60.png]
[i.ibb.co/C6Mwvhg/Screenshot-67.png]
[i.ibb.co/ct2Wx6S/Screenshot-68.png]
[i.ibb.co/m9BfzWT/Screenshot-69.png]
[www.ahthisone.ga/read480e.html]
[i.ibb.co/vPyG7GT/One-seed-makes-the-whole-earth-Green.png]
[i.ibb.co/T0MzxqK/Yes-being-Subversive-amp-contributing-something-to-the-world-the-folwer-world.png]
[i.ibb.co/yqQ8ZG3/Indiviuality-a-light-prison.png]
[i.ibb.co/jDNTZn2/Disappearing-makes-you-one-with-the-whole.png]
[i.ibb.co/d4fyRKB/ZEN-the-ultimate-flowring-of-buddhisium.png]
[i.ibb.co/sP9D3Lj/kabir-potery.png]
[i.ibb.co/vkN9Hqc/MASTER-THE-TRUE-FRIEND.png]
[i.ibb.co/ygqVRm4/ZEN-THE-FUTURE-let-039-s-save-it.png]
[i.ibb.co/1nZGgQK/Indiviuality-is-birth-gift.png]
[i.ibb.co/8Nzh9Vr/ZEN-THE-ULTIMATE-FLOWRING.png]
[www.ahthisone.ga/readae1d.html]
[www.ahthisone.ga/reada3e4.html]
[i.ibb.co/2hZ5RQz/Screenshot-70.png]
[i.ibb.co/frCr0SY/Screenshot-71.png]
[i.ibb.co/zrWWnY9/Screenshot-72.png]
[i.ibb.co/wrzmqfQ/Screenshot-73.png]
[i.ibb.co/W5kqWF3/Screenshot-74.png]
[i.ibb.co/Gn6F19c/Screenshot-75.png]
[i.ibb.co/LzqjnTy/Screenshot-76.png]
[i.ibb.co/DwNxNZq/Screenshot-77.png]
[i.ibb.co/jHzV2tN/Screenshot-78.png]
[i.ibb.co/hXC43Ng/Screenshot-79.png]
[www.ahthisone.ga/read1806.html]
[i.ibb.co/FqP9wqw/The-Ultimate-truth-hurts-self-is-the-anxiety.png]
[i.ibb.co/5TpxZjL/being-the-eternity-this-is-blissfullness.png]
[i.ibb.co/pXZPty7/Freedom-form-insuluts.png]
[i.ibb.co/zFMj7G8/Disloving-the-indiviuality-in-the-universe.png]
[i.ibb.co/tPKfC2p/Yeah-you-can-not-do-it-actually-nothing-can-be-done-to-me.png]
[i.ibb.co/MnMxJNM/Yo-this-seems-so-true-amp-peoples-will-know-it-soon.png]
[i.ibb.co/VHGHsLg/top-hills-to-low-down-in-the-gutters-yes-i-am-not-so-poor-mystic-the-music.png]
[i.ibb.co/n0Lr0F5/ONE-SEED-MAKES-THE-WHOLE-EARTH-GREEN-CH01-ETERNITY-OF-CONCIOUSNESS.png]
[i.ibb.co/JsL4t9j/Parents-amp-there-intutions-amp-retarted-Interest.png]
[i.ibb.co/tqdQbGt/ANIMALISUM-amp-UNCONCIOUSNESS-ALWAYS-HAVE-BEEN-THERE-IN-HUMAN-SINCE-YEARS.png]
[www.ahthisone.ga/read7348.html]
[i.ibb.co/xCrjhkS/Screenshot-80.png]
[i.ibb.co/WHT9jD5/Screenshot-81.png]
[i.ibb.co/m03Ttjc/Screenshot-82.png]
[i.ibb.co/r0Nt8TM/Screenshot-84.png]
[i.ibb.co/TKPYMtD/Screenshot-85.png]
[i.ibb.co/BfjWKKY/Screenshot-86.png]
[i.ibb.co/chwYsmF/Screenshot-87.png]
[i.ibb.co/phdsG5D/Screenshot-88.png]
[i.ibb.co/Y8FP9y2/Screenshot-89.png]
[i.ibb.co/X7YH7cQ/Screenshot-90.png]
[www.ahthisone.ga/readdf8f.html]
[i.ibb.co/H7sv8Xg/THE-NEW-MAN-A-FAR-MORE-SIGNIFICANET-REVOLUTION-TOOKING-PLACE-IN-WORLD-TODAY.png]
[i.ibb.co/f0Crs2c/We-all-are-unconciousss-of-one-own-self-just-that-is-the-situation.png]
[i.ibb.co/Ms6tm2j/with-master-one-can-not-fail.png]
[i.ibb.co/kMSTM76/Indiviuality-a-light-prison.png]
[i.ibb.co/8XRvLGd/Disappearing-makes-you-one-with-the-whole.png]
[i.ibb.co/RCyk7ZL/kabir-potery.png]
[i.ibb.co/10m884f/ZEN-the-ultimate-flowring-of-buddhisium.png]
[i.ibb.co/hYMpHpP/MASTER-THE-TRUE-FRIEND.png]
[i.ibb.co/1bXnKw2/Indiviuality-is-birth-gift.png]
[i.ibb.co/JmNWh94/ZEN-THE-FUTURE-let-039-s-save-it.png]
[www.ahthisone.ga/read40c5.html]
[i.ibb.co/McFt7tT/Screenshot-92.png]
[i.ibb.co/tq45pWm/Screenshot-91.png]
[i.ibb.co/ZxrYx07/Screenshot-93.png]
[i.ibb.co/hK53dwC/Screenshot-94.png]
[i.ibb.co/txnF4ck/Screenshot-95.png]
[i.ibb.co/jJ5Z9zW/Screenshot-96.png]
[i.ibb.co/zFb9PxY/Screenshot-97.png]
[i.ibb.co/6mB3VW3/Screenshot-98.png]
[i.ibb.co/zNZtWBX/Screenshot-99.png]
[i.ibb.co/pwB1KYK/Screenshot-100.png]
[www.ahthisone.ga/read2d60.html]
[i.ibb.co/7QdpBjc/ZEN-THE-ULTIMATE-FLOWRING.png]
[i.ibb.co/St4y9QX/The-Ultimate-truth-hurts-self-is-the-anxiety.png]
[i.ibb.co/nmTRsTw/being-the-eternity-this-is-blissfullness.png]
[i.ibb.co/g7SkGjz/Freedom-form-insuluts.png]
[i.ibb.co/Y2cp8Tt/Yeah-you-can-not-do-it-actually-nothing-can-be-done-to-me.png]
[i.ibb.co/2qTxSL3/Disloving-the-indiviuality-in-the-universe.png]
[i.ibb.co/NrX0Vyg/Yes-being-Subversive-amp-contributing-something-to-the-world-the-folwer-world.png]
[i.ibb.co/6bCRnck/One-seed-makes-the-whole-earth-Green.png]
[i.ibb.co/YQJQdMV/Me-Being-the-PM-of-nation-LOL.png]
[i.ibb.co/rkq1bRP/Screenshot-758.png]
[www.ahthisone.ga/reade399.html]
[i.ibb.co/DwRfSXF/Screenshot-102.png]
[i.ibb.co/3z48LD2/Screenshot-103.png]
[i.ibb.co/ZBSjFH0/Screenshot-104.png]
[i.ibb.co/1qM8wRQ/Screenshot-106.png]
[i.ibb.co/HKDYg9K/Screenshot-107.png]
[i.ibb.co/bNXLhYX/Screenshot-108.png]
[i.ibb.co/SmFbYnx/Screenshot-109.png]
[i.ibb.co/7Kz9W09/Screenshot-110.png]
[i.ibb.co/TKYMJ2p/Screenshot-111.png]
[www.ahthisone.ga/read40c5-2.html]
[i.ibb.co/6H7Wcy9/Screenshot-757.png]
[i.ibb.co/HxhnrBp/Screenshot-756.png]
[i.ibb.co/T1X3tFk/Screenshot-766.png]
[i.ibb.co/5x3smMB/Screenshot-767.png]
[i.ibb.co/wJ82XPS/Screenshot-765.png]
[i.ibb.co/zbXj1Vm/Screenshot-764.png]
[i.ibb.co/k573bmG/Screenshot-762.png]
[i.ibb.co/yP361ZV/Screenshot-763.png]
[i.ibb.co/kcZDGw9/Screenshot-761.png]
[i.ibb.co/XpDSSTh/Screenshot-760.png]
[www.ahthisone.ga/readb4d0.html]
[i.ibb.co/cgdNqTC/Screenshot-112.png]
[i.ibb.co/rcC8MD4/Screenshot-113.png]
[i.ibb.co/jWhTHcL/Screenshot-101.html]
[i.ibb.co/s38JzM0/Screenshot-114.png]
[i.ibb.co/dmF9ZjP/Screenshot-115.png]
[i.ibb.co/37nPQch/Screenshot-116.png]
[i.ibb.co/SJhMBYK/Screenshot-117.png]
[i.ibb.co/PFS9W1s/Screenshot-118.png]
[i.ibb.co/M8gQDBk/Screenshot-119.png]
[i.ibb.co/tBfJLZF/Screenshot-123.png]
[i.ibb.co/TR6fhhq/Screenshot-126.png]
[www.ahthisone.ga/read60f8.html]
[i.ibb.co/hy6zLvB/Screenshot-759.png]
[i.ibb.co/DzHR3TK/yoo-all-which-seems-very-important-today-tommorow-will-be-of-no-use.png]
[i.ibb.co/6H3bZn4/yeah-my-fears-amp-stress-keeps-me-moving.png]
[i.ibb.co/yF4fntN/Yo-I-have-know-it-but-yet-don-039-t-know-i-know-it.png]
[i.ibb.co/6rbC6mm/Job-Mil-gaya-BRO.png]
[i.ibb.co/hK3Ng88/Screenshot-775.png]
[i.ibb.co/z8tLFyN/Strange-world.png]
[i.ibb.co/qJvtqtW/Screenshot-774.png]
[i.ibb.co/xsyZ2tJ/Screenshot-773.png]
[i.ibb.co/X2jX4V3/Screenshot-772.png]
[www.ahthisone.ga/read7df0.html]
[i.ibb.co/nwnDDZ8/Screenshot-130.png]
[i.ibb.co/BTZWHp0/Screenshot-131.png]
[i.ibb.co/Qc8qqC8/Screenshot-132.png]
[i.ibb.co/2P5XZVr/Screenshot-133.png]
[i.ibb.co/cLM59CW/Screenshot-135.png]
[i.ibb.co/nCXTT3B/Screenshot-136.png]
[i.ibb.co/B3gYNxg/Screenshot-138.png]
[i.ibb.co/tDYsyF7/Screenshot-137.png]
[i.ibb.co/8D2ZGsG/Screenshot-139.png]
[i.ibb.co/5TV6xPT/Screenshot-140.png]
[www.ahthisone.ga/readc5a0.html]
[i.ibb.co/xHWYYFW/Screenshot-771.png]
[i.ibb.co/64ssg8V/yo-the-only-rebellious-sprits-can-survives-YO-YO.png]
[i.ibb.co/5K6jc5c/Screenshot-783.png]
[i.ibb.co/sK1nJns/Being-in-the-world-amp-yet-not-of-it-yeah-this-is-it.png]
[i.ibb.co/hLwk6hd/Well-I-am-that-young-mouse-is-it-so-maybe-not.png]
[i.ibb.co/MMyRJnB/this-is-how-stupid-I-am.png]
[i.ibb.co/vHcyfY9/Rajiv-Gandhi.png]
[i.ibb.co/DCfj9JR/Screenshot-778.png]
[i.ibb.co/6D4jDx4/Screenshot-777.png]
[i.ibb.co/4V06V3y/Parents.png]
[www.ahthisone.ga/read47e2.html]
[i.ibb.co/zVGSRTm/Screenshot-141.png]
[i.ibb.co/BjnCSPB/main-qimg-3fc9dc56e84ac9d61e2b42032fe2fa45.jpg]
[i.ibb.co/YcW9Hrp/vogel.jpg]
[i.ibb.co/9gZrP7S/main-qimg-6e8ab1a11d60e8feaf25defab54f995c.jpg]
[i.ibb.co/sR2J83Y/Whats-App-Image-2019-02-18-at-1-54-18-AM.jpg]
[i.ibb.co/ZMbhWCz/Screenshot-153.png]
[i.ibb.co/QKgbTfN/Screenshot-158.png]
[i.ibb.co/r7RcW6m/Screenshot-159.png]
[i.ibb.co/NyBcty8/Screenshot-203.png]
[i.ibb.co/s2YpGDF/Screenshot-204.png]
[www.ahthisone.ga/read3574.html]
[i.ibb.co/zH3QdSk/Screenshot-775.png]
[i.ibb.co/MgSkZf9/Job-Mil-gaya-BRO.png]
[i.ibb.co/frsdhXD/Strange-world.png]
[i.ibb.co/yB2DkWf/Screenshot-774.png]
[i.ibb.co/hfym70s/Screenshot-773.png]
[i.ibb.co/hfS11bf/Screenshot-772.png]
[i.ibb.co/wSpb3wc/Screenshot-771.png]
[i.ibb.co/6JDwTq6/Screenshot-784.png]
[i.ibb.co/ZdZ5jPd/Upanishads-the-most-honest-ones.png]
[i.ibb.co/Qk8V5N3/Upanishad-Meaning.png]
[www.ahthisone.ga/read93f2.html]
[i.ibb.co/b5nNGJh/Screenshot-202.png]
[i.ibb.co/t4N5sCF/Screenshot-201.png]
[i.ibb.co/N985kZ0/Screenshot-200.png]
[i.ibb.co/p4hLx3y/Screenshot-199.png]
[i.ibb.co/qp9TkbX/Screenshot-197.png]
[i.ibb.co/n0YHCV7/Screenshot-196.png]
[i.ibb.co/NL3vDpN/Screenshot-195.png]
[i.ibb.co/0ndnL0G/Screenshot-194.png]
[i.ibb.co/QNkJ3xZ/Screenshot-193.png]
[i.ibb.co/bBhBbhB/Screenshot-192.png]
[www.ahthisone.ga/read14f9.html]
[i.ibb.co/47bFMdh/Life-raaso-vaisa.png]
[i.ibb.co/FbYRL3F/O-jesus.png]
[i.ibb.co/kmSvr0S/HAha-abhi-thoda-aur-pito-lado-maro.png]
[i.ibb.co/59Hj0LC/from-Ignorance-to-innocence.png]
[i.ibb.co/pvrwZyT/Some-what-situation-of-the-world-SADGURU-ke-charan.png]
[i.ibb.co/F0bptLY/Physical-Body-have-to-be-erased.png]
[i.ibb.co/tJ8j3zT/Terrorisum-always-have-been-there-in-the-world.png]
[i.ibb.co/P46jTSD/Ambition-a-disease.png]
[i.ibb.co/19dyV10/lol-changing-the-world.png]
[www.ahthisone.ga/read7cd5.html]
[i.ibb.co/12hXCMp/Screenshot-191.png]
[i.ibb.co/bXdP6qg/Screenshot-190.png]
[i.ibb.co/Nn68PP8/Screenshot-198.png]
[i.ibb.co/74FVFbP/Screenshot-189.png]
[i.ibb.co/9hgkBM3/Screenshot-187.png]
[i.ibb.co/wBG2Rpf/Screenshot-186.png]
[i.ibb.co/2h49rxt/Screenshot-185.png]
[i.ibb.co/7t1Gzqp/Screenshot-184.png]
[i.ibb.co/j9YVPVv/Screenshot-183.png]
[i.ibb.co/bL17qdv/Screenshot-182.png]
[www.ahthisone.ga/read0f13.html]
[i.ibb.co/Yp1bdW8/Screenshot-821.png]
[i.ibb.co/872yGXw/Screenshot-820.png]
[i.ibb.co/T80FWnb/Religion-is-a-rooted-vision-changed.png]
[i.ibb.co/TqYQFRq/We-are-not-just-body-flesh-blood-we-have-MIND.png]
[i.ibb.co/NSRkv3V/Screenshot-817.png]
[i.ibb.co/0FZsRnV/Apradh-bhawna-ka-Mitna-zaruri-hai-OO-Now-I-understand-what-it-is.png]
[i.ibb.co/kxrQsdx/I-have-been-blissfull.png]
[i.ibb.co/VwJHFbL/My-answers-are-the-authetic-answers.png]
[i.ibb.co/Vvc5n7p/Something-which-I-have-always-knows-have-known-I-just-knew-it-baby.png]
[i.ibb.co/8KwqD42/Upanishads.png]
[www.ahthisone.ga/read4476.html]
[i.ibb.co/kxCXL0Q/Screenshot-180.png]
[i.ibb.co/9rSL3QB/Screenshot-181.png]
[i.ibb.co/gdDSV2Z/Screenshot-179.png]
[i.ibb.co/TvGmcM3/Screenshot-178.png]
[i.ibb.co/QKrSKLD/Screenshot-177.png]
[i.ibb.co/LRRQQRB/Screenshot-756.png]
[i.ibb.co/QCxscjD/Screenshot-754.png]
[i.ibb.co/JcS4tHT/Screenshot-753.png]
[i.ibb.co/64mff2V/Screenshot-752.png]
[i.ibb.co/BTZrjb5/Screenshot-751.png]
[www.ahthisone.ga/readc716.html]
[i.ibb.co/n0t4F0T/Nothingness-amp-whole-is-one.png]
[i.ibb.co/qMY47yr/Sadguru-the-thrust.png]
[i.ibb.co/C19Xkm9/Being-a-Disciple-you-need-courage-to-die-ultimately.png]
[i.ibb.co/2cKNBGK/Crowded-Mind-amp-Unconciouss-peoples-population.png]
[i.ibb.co/jTMSDk3/The-Vision-of-insights-is-a-quality.png]
[i.ibb.co/0f4vvKR/Indiviual-experinces.png]
[i.ibb.co/Gk1LF4M/Screenshot-805.png]
[i.ibb.co/5n87h3Q/Screenshot-804.png]
[i.ibb.co/18zQfJj/THE-GOLDEN-FUTURE-WE-ARE-GOING-TO-AVOID-THE-MOST-OF-THE-NONSENS.png]
[i.ibb.co/0Z8rJ4x/THE-GOLDEN-FUTURE-03-yes-the-longing-is-the-most-valueable-part-of-our-conciousness.png]
[www.ahthisone.ga/read53c7.html]
[i.ibb.co/tQFJSV9/Screenshot-750.png]
[i.ibb.co/pJKQctP/Screenshot-749.png]
[i.ibb.co/KN4CLtV/Screenshot-755.png]
[i.ibb.co/gr3cyVB/Screenshot-748.png]
[i.ibb.co/Nj7kVZg/Screenshot-747.png]
[i.ibb.co/CBQ0bsm/Screenshot-746.png]
[i.ibb.co/Yfs82Dd/Screenshot-745.png]
[i.ibb.co/QjsnDv4/Screenshot-744.png]
[i.ibb.co/1b71wSt/Screenshot-743.png]
